 Starting weight generation with these inputs: 
   Source File: 
 /pic/projects/ngee_tropics/amazon/inputdata/ccsm/lnd/clm2/mappingdata/grids/SCRIPgrid_3minx3min_LandScan2004_c120517.nc
   Destination File: 
 ../mkmapgrids/SCRIPgrid_LowerMiss_625x900_nomask_c220324.nc
   Weight File: 
 map_3x3min_LandScan2004_to_LowerMiss_625x900_nomask_aave_da_c220324.nc
   Source File is in SCRIP format
   Source Grid is a global grid
   Source Grid is a logically rectangular grid
   Destination File is in SCRIP format
   Destination Grid is a global grid
   Destination Grid is a logically rectangular grid
   Regrid Method: conserve
   Pole option: NONE
   Ignore unmapped destination points
   Output weight file in 64bit offset NetCDF file format
 
 Completed weight generation successfully.
 
 Starting weight generation with these inputs: 
   Source File: 
 /pic/projects/ngee_tropics/amazon/inputdata/ccsm/lnd/clm2/mappingdata/grids/SCRIPgrid_3minx3min_MODIS_c110915.nc
   Destination File: 
 ../mkmapgrids/SCRIPgrid_LowerMiss_625x900_nomask_c220324.nc
   Weight File: map_3x3min_MODIS_to_LowerMiss_625x900_nomask_aave_da_c220324.nc
   Source File is in SCRIP format
   Source Grid is a global grid
   Source Grid is a logically rectangular grid
   Destination File is in SCRIP format
   Destination Grid is a global grid
   Destination Grid is a logically rectangular grid
   Regrid Method: conserve
   Pole option: NONE
   Ignore unmapped destination points
   Output weight file in 64bit offset NetCDF file format
 
 Completed weight generation successfully.
 
 Starting weight generation with these inputs: 
   Source File: 
 /pic/projects/ngee_tropics/amazon/inputdata/ccsm/lnd/clm2/mappingdata/grids/SCRIPgrid_3x3_USGS_c120912.nc
   Destination File: 
 ../mkmapgrids/SCRIPgrid_LowerMiss_625x900_nomask_c220324.nc
   Weight File: map_3x3min_USGS_to_LowerMiss_625x900_nomask_aave_da_c220324.nc
   Source File is in SCRIP format
   Source Grid is a global grid
   Source Grid is a logically rectangular grid
   Destination File is in SCRIP format
   Destination Grid is a global grid
   Destination Grid is a logically rectangular grid
   Regrid Method: conserve
   Pole option: NONE
   Ignore unmapped destination points
   Output weight file in 64bit offset NetCDF file format
 
 Completed weight generation successfully.
 
 Starting weight generation with these inputs: 
   Source File: 
 /pic/projects/ngee_tropics/amazon/inputdata/ccsm/lnd/clm2/mappingdata/grids/SCRIPgrid_5x5min_nomask_c110530.nc
   Destination File: 
 ../mkmapgrids/SCRIPgrid_LowerMiss_625x900_nomask_c220324.nc
   Weight File: 
 map_5x5min_nomask_to_LowerMiss_625x900_nomask_aave_da_c220324.nc
   Source File is in SCRIP format
   Source Grid is a global grid
   Source Grid is a logically rectangular grid
   Destination File is in SCRIP format
   Destination Grid is a global grid
   Destination Grid is a logically rectangular grid
   Regrid Method: conserve
   Pole option: NONE
   Ignore unmapped destination points
   Output weight file in 64bit offset NetCDF file format
 
 Completed weight generation successfully.
 
 Starting weight generation with these inputs: 
   Source File: 
 /pic/projects/ngee_tropics/amazon/inputdata/ccsm/lnd/clm2/mappingdata/grids/SCRIPgrid_5x5min_IGBP-GSDP_c110228.nc
   Destination File: 
 ../mkmapgrids/SCRIPgrid_LowerMiss_625x900_nomask_c220324.nc
   Weight File: 
 map_5x5min_IGBP-GSDP_to_LowerMiss_625x900_nomask_aave_da_c220324.nc
   Source File is in SCRIP format
   Source Grid is a global grid
   Source Grid is a logically rectangular grid
   Destination File is in SCRIP format
   Destination Grid is a global grid
   Destination Grid is a logically rectangular grid
   Regrid Method: conserve
   Pole option: NONE
   Ignore unmapped destination points
   Output weight file in 64bit offset NetCDF file format
 
 Completed weight generation successfully.
 
 Starting weight generation with these inputs: 
   Source File: 
 /pic/projects/ngee_tropics/amazon/inputdata/ccsm/lnd/clm2/mappingdata/grids/SCRIPgrid_5x5min_ISRIC-WISE_c111114.nc
   Destination File: 
 ../mkmapgrids/SCRIPgrid_LowerMiss_625x900_nomask_c220324.nc
   Weight File: 
 map_5x5min_ISRIC-WISE_to_LowerMiss_625x900_nomask_aave_da_c220324.nc
   Source File is in SCRIP format
   Source Grid is a global grid
   Source Grid is a logically rectangular grid
   Destination File is in SCRIP format
   Destination Grid is a global grid
   Destination Grid is a logically rectangular grid
   Regrid Method: conserve
   Pole option: NONE
   Ignore unmapped destination points
   Output weight file in 64bit offset NetCDF file format
 
 Completed weight generation successfully.
 
 Starting weight generation with these inputs: 
   Source File: 
 /pic/projects/ngee_tropics/amazon/inputdata/ccsm/lnd/clm2/mappingdata/grids/SCRIPgrid_10x10min_nomask_c110228.nc
   Destination File: 
 ../mkmapgrids/SCRIPgrid_LowerMiss_625x900_nomask_c220324.nc
   Weight File: 
 map_10x10min_nomask_to_LowerMiss_625x900_nomask_aave_da_c220324.nc
   Source File is in SCRIP format
   Source Grid is a global grid
   Source Grid is a logically rectangular grid
   Destination File is in SCRIP format
   Destination Grid is a global grid
   Destination Grid is a logically rectangular grid
   Regrid Method: conserve
   Pole option: NONE
   Ignore unmapped destination points
   Output weight file in 64bit offset NetCDF file format
 
 Completed weight generation successfully.
 
 Starting weight generation with these inputs: 
   Source File: 
 /pic/projects/ngee_tropics/amazon/inputdata/ccsm/lnd/clm2/mappingdata/grids/SCRIPgrid_10x10min_IGBPmergeICESatGIS_c110818.nc
   Destination File: 
 ../mkmapgrids/SCRIPgrid_LowerMiss_625x900_nomask_c220324.nc
   Weight File: 
 map_10x10min_IGBPmergeICESatGIS_to_LowerMiss_625x900_nomask_aave_da_c220324.nc
   Source File is in SCRIP format
   Source Grid is a global grid
   Source Grid is a logically rectangular grid
   Destination File is in SCRIP format
   Destination Grid is a global grid
   Destination Grid is a logically rectangular grid
   Regrid Method: conserve
   Pole option: NONE
   Ignore unmapped destination points
   Output weight file in 64bit offset NetCDF file format
 
 Completed weight generation successfully.
 
 Starting weight generation with these inputs: 
   Source File: 
 /pic/projects/ngee_tropics/amazon/inputdata/ccsm/lnd/clm2/mappingdata/grids/SCRIPgrid_3minx3min_GLOBE-Gardner_c120922.nc
   Destination File: 
 ../mkmapgrids/SCRIPgrid_LowerMiss_625x900_nomask_c220324.nc
   Weight File: 
 map_3x3min_GLOBE-Gardner_to_LowerMiss_625x900_nomask_aave_da_c220324.nc
   Source File is in SCRIP format
   Source Grid is a global grid
   Source Grid is a logically rectangular grid
   Destination File is in SCRIP format
   Destination Grid is a global grid
   Destination Grid is a logically rectangular grid
   Regrid Method: conserve
   Pole option: NONE
   Ignore unmapped destination points
   Output weight file in 64bit offset NetCDF file format
 
 Completed weight generation successfully.
 
 Starting weight generation with these inputs: 
   Source File: 
 /pic/projects/ngee_tropics/amazon/inputdata/ccsm/lnd/clm2/mappingdata/grids/SCRIPgrid_3minx3min_GLOBE-Gardner-mergeGIS_c120922.nc
   Destination File: 
 ../mkmapgrids/SCRIPgrid_LowerMiss_625x900_nomask_c220324.nc
   Weight File: 
 map_3x3min_GLOBE-Gardner-mergeGIS_to_LowerMiss_625x900_nomask_aave_da_c220324.nc
   Source File is in SCRIP format
   Source Grid is a global grid
   Source Grid is a logically rectangular grid
   Destination File is in SCRIP format
   Destination Grid is a global grid
   Destination Grid is a logically rectangular grid
   Regrid Method: conserve
   Pole option: NONE
   Ignore unmapped destination points
   Output weight file in 64bit offset NetCDF file format
 
 Completed weight generation successfully.
 
 Starting weight generation with these inputs: 
   Source File: 
 /pic/projects/ngee_tropics/amazon/inputdata/ccsm/lnd/clm2/mappingdata/grids/SCRIPgrid_0.9x1.25_GRDC_c130307.nc
   Destination File: 
 ../mkmapgrids/SCRIPgrid_LowerMiss_625x900_nomask_c220324.nc
   Weight File: 
 map_0.9x1.25_GRDC_to_LowerMiss_625x900_nomask_aave_da_c220324.nc
   Source File is in SCRIP format
   Source Grid is a global grid
   Source Grid is a logically rectangular grid
   Destination File is in SCRIP format
   Destination Grid is a global grid
   Destination Grid is a logically rectangular grid
   Regrid Method: conserve
   Pole option: NONE
   Ignore unmapped destination points
   Output weight file in 64bit offset NetCDF file format
 
 Completed weight generation successfully.
 
 Starting weight generation with these inputs: 
   Source File: 
 /pic/projects/ngee_tropics/amazon/inputdata/ccsm/lnd/clm2/mappingdata/grids/SCRIPgrid_360x720_cruncep_c120830.nc
   Destination File: 
 ../mkmapgrids/SCRIPgrid_LowerMiss_625x900_nomask_c220324.nc
   Weight File: 
 map_360x720cru_cruncep_to_LowerMiss_625x900_nomask_aave_da_c220324.nc
   Source File is in SCRIP format
   Source Grid is a global grid
   Source Grid is a logically rectangular grid
   Destination File is in SCRIP format
   Destination Grid is a global grid
   Destination Grid is a logically rectangular grid
   Regrid Method: conserve
   Pole option: NONE
   Ignore unmapped destination points
   Output weight file in 64bit offset NetCDF file format
 
 Completed weight generation successfully.
 
 Starting weight generation with these inputs: 
   Source File: 
 /pic/projects/ngee_tropics/amazon/inputdata/ccsm/lnd/clm2/mappingdata/grids/UGRID_1km-merge-10min_HYDRO1K-merge-nomask_c130402.nc
   Destination File: 
 ../mkmapgrids/SCRIPgrid_LowerMiss_625x900_nomask_c220324.nc
   Weight File: 
 map_1km-merge-10min_HYDRO1K-merge-nomask_to_LowerMiss_625x900_nomask_aave_da_c220324.nc
   Source File is in UGRID format, dummy variable: landmesh
   Source Grid is a global grid
   Source Grid is an unstructured grid
   Destination File is in SCRIP format
   Destination Grid is a global grid
   Destination Grid is a logically rectangular grid
   Regrid Method: conserve
   Pole option: NONE
   Ignore unmapped destination points
   Output weight file in 64bit offset NetCDF file format
 
 Completed weight generation successfully.
 
 Starting weight generation with these inputs: 
   Source File: 
 /pic/projects/ngee_tropics/amazon/inputdata/ccsm/lnd/clm2/mappingdata/grids/SCRIPgrid_0.5x0.5_GSDTG2000_c161010.nc
   Destination File: 
 ../mkmapgrids/SCRIPgrid_LowerMiss_625x900_nomask_c220324.nc
   Weight File: 
 map_0.5x0.5_GSDTG2000_to_LowerMiss_625x900_nomask_aave_da_c220324.nc
   Source File is in SCRIP format
   Source Grid is a global grid
   Source Grid is an unstructured grid
   Destination File is in SCRIP format
   Destination Grid is a global grid
   Destination Grid is a logically rectangular grid
   Regrid Method: conserve
   Pole option: NONE
   Ignore unmapped destination points
   Output weight file in 64bit offset NetCDF file format
 
 Completed weight generation successfully.
 
